// Jest Snapshot v1, https://goo.gl/fbAQLP

exports[`matches snapshot 1`] = `
<div
  className="container"
  data-testid="ArticleListComponent"
>
  <h2
    className="text-center"
  >
    Article List
  </h2>
  <div
    className="row"
  >
    <button
      className="btn btn-primary"
      onClick={[Function]}
    >
       Add Article
    </button>
  </div>
  <br />
  <table
    className="table table-striped table-bordered"
  >
    <thead>
      <tr>
        <th>
           Article ID
        </th>
        <th>
           Article Title
        </th>
        <th>
           Article Author
        </th>
        <th>
           Article Body
        </th>
        <th>
           Actions
        </th>
      </tr>
    </thead>
    <tbody />
  </table>
</div>
`;
