// Jest Snapshot v1, https://goo.gl/fbAQLP

exports[`ViewArticleComponent matches snapshot 1`] = `
<div
  className="container"
  data-testid="ViewArticleComponent"
>
  <br />
  <div
    className="card col-md-6 offset-md-3"
  >
    <h3
      className="text-center"
    >
      View Article Details
    </h3>
    <div
      className="card-body"
    >
      <div
        className="row"
      >
        <label>
           Article ID: 
        </label>
      </div>
      <div
        className="row"
      >
        <label>
           Article Title: 
          
        </label>
      </div>
      <div
        className="row"
      >
        <label>
           Article Author: 
          
        </label>
      </div>
      <div
        className="row"
      >
        <label>
           Article Body: 
          
        </label>
      </div>
    </div>
  </div>
  <button
    className="btn btn-danger"
    onClick={[Function]}
    style={
      Object {
        "marginLeft": "10px",
      }
    }
  >
    HOME
  </button>
</div>
`;
