// Jest Snapshot v1, https://goo.gl/fbAQLP

exports[`UpdateAuthorComponent matches snapshot 1`] = `
<div
  data-testid="UpdateAuthorComponent"
>
  <br />
  <div
    className="container"
  >
    <div
      className="row"
    >
      <div
        className="card col-md-6 offset-md-3 offset-md-3"
      >
        <h3
          className="text-center"
        >
          Update Author
        </h3>
        <div
          className="card-body"
        >
          <form>
            <div
              className="form-group"
            >
              <label>
                 Description: 
              </label>
              <input
                className="form-control"
                name="description"
                onChange={[Function]}
                placeholder="Description"
                value=""
              />
            </div>
            <div
              className="form-group"
            >
              <label>
                 First Name: 
              </label>
              <input
                className="form-control"
                name="firstName"
                onChange={[Function]}
                placeholder="FirstName"
                value=""
              />
            </div>
            <div
              className="form-group"
            >
              <label>
                 Last Name: 
              </label>
              <input
                className="form-control"
                name="lastName"
                onChange={[Function]}
                placeholder="LastName"
                value=""
              />
            </div>
            <button
              className="btn btn-success"
              onClick={[Function]}
            >
              Save
            </button>
            <button
              className="btn btn-danger"
              onClick={[Function]}
              style={
                Object {
                  "marginLeft": "10px",
                }
              }
            >
              Cancel
            </button>
          </form>
        </div>
      </div>
    </div>
  </div>
</div>
`;
