// Jest Snapshot v1, https://goo.gl/fbAQLP

exports[`ViewAuthorComponent matches snapshot 1`] = `
<div
  data-testid="ViewAuthorComponent"
>
  <br />
  <div
    className="card col-md-6 offset-md-3"
  >
    <h3
      className="text-center"
    >
      View Author Details
    </h3>
    <div
      className="card-body"
    >
      <div
        className="row"
      >
        <label>
           Author ID: 
        </label>
      </div>
      <div
        className="row"
      >
        <label>
           Author Description: 
        </label>
      </div>
      <div
        className="row"
      >
        <label>
           Author Firs Name: 
        </label>
      </div>
      <div
        className="row"
      >
        <label>
           Author Last Name: 
        </label>
      </div>
    </div>
  </div>
  <button
    className="btn btn-danger"
    onClick={[Function]}
    style={
      Object {
        "marginLeft": "10px",
      }
    }
  >
    HOME
  </button>
</div>
`;
